---
source: crates/bevy_xpbd_3d/../../src/tests.rs
expression: bodies
---
[
    (
        Id(
            0,
        ),
        Transform {
            translation: Vec3(
                -5.120154,
                0.49941593,
                -5.153397,
            ),
            rotation: Quat(
                -4.7535934e-5,
                0.0014725464,
                -6.845225e-5,
                0.99999905,
            ),
            scale: Vec3(
                1.0,
                1.0,
                1.0,
            ),
        },
    ),
    (
        Id(
            1,
        ),
        Transform {
            translation: Vec3(
                -4.8458157,
                0.49935383,
                -2.6627097,
            ),
            rotation: Quat(
                3.20409e-5,
                -0.009261493,
                -0.00015056024,
                0.99995714,
            ),
            scale: Vec3(
                1.0,
                1.0,
                1.0,
            ),
        },
    ),
    (
        Id(
            2,
        ),
        Transform {
            translation: Vec3(
                -4.235303,
                0.49931172,
                0.083850004,
            ),
            rotation: Quat(
                -6.262488e-5,
                -0.03932105,
                -7.454959e-5,
                0.9992267,
            ),
            scale: Vec3(
                1.0,
                1.0,
                1.0,
            ),
        },
    ),
    (
        Id(
            3,
        ),
        Transform {
            translation: Vec3(
                -4.753628,
                0.49942112,
                2.386658,
            ),
            rotation: Quat(
                1.1799399e-5,
                -0.029577464,
                -2.2402048e-5,
                0.99956256,
            ),
            scale: Vec3(
                1.0,
                1.0,
                1.0,
            ),
        },
    ),
    (
        Id(
            4,
        ),
        Transform {
            translation: Vec3(
                -2.6320307,
                0.4992781,
                -4.7559156,
            ),
            rotation: Quat(
                -5.843389e-6,
                0.041137926,
                2.1243835e-5,
                0.9991535,
            ),
            scale: Vec3(
                1.0,
                1.0,
                1.0,
            ),
        },
    ),
    (
        Id(
            5,
        ),
        Transform {
            translation: Vec3(
                -2.1062627,
                0.49934223,
                -2.4127533,
            ),
            rotation: Quat(
                7.053759e-5,
                -0.044805974,
                -5.8040445e-5,
                0.9989958,
            ),
            scale: Vec3(
                1.0,
                1.0,
                1.0,
            ),
        },
    ),
    (
        Id(
            6,
        ),
        Transform {
            translation: Vec3(
                -2.1700926,
                0.49940908,
                -0.03370954,
            ),
            rotation: Quat(
                -2.0841253e-6,
                -0.042543318,
                4.2745873e-5,
                0.9990946,
            ),
            scale: Vec3(
                1.0,
                1.0,
                1.0,
            ),
        },
    ),
    (
        Id(
            7,
        ),
        Transform {
            translation: Vec3(
                -2.4340048,
                0.4993665,
                2.3693194,
            ),
            rotation: Quat(
                8.135572e-5,
                0.00079382764,
                9.473297e-7,
                0.9999997,
            ),
            scale: Vec3(
                1.0,
                1.0,
                1.0,
            ),
        },
    ),
    (
        Id(
            8,
        ),
        Transform {
            translation: Vec3(
                0.061159525,
                0.4997648,
                -4.3093224,
            ),
            rotation: Quat(
                -0.00011473631,
                -0.010249169,
                4.6453657e-5,
                0.9999475,
            ),
            scale: Vec3(
                1.0,
                1.0,
                1.0,
            ),
        },
    ),
    (
        Id(
            9,
        ),
        Transform {
            translation: Vec3(
                0.07214145,
                0.4993539,
                -2.172919,
            ),
            rotation: Quat(
                -4.9604037e-5,
                -0.0198355,
                3.2358206e-5,
                0.9998033,
            ),
            scale: Vec3(
                1.0,
                1.0,
                1.0,
            ),
        },
    ),
    (
        Id(
            10,
        ),
        Transform {
            translation: Vec3(
                -0.03314862,
                0.49914095,
                0.016493252,
            ),
            rotation: Quat(
                -2.8782626e-5,
                -0.008376166,
                -6.025786e-5,
                0.9999651,
            ),
            scale: Vec3(
                1.0,
                1.0,
                1.0,
            ),
        },
    ),
    (
        Id(
            11,
        ),
        Transform {
            translation: Vec3(
                -0.11022736,
                0.49933797,
                2.1793563,
            ),
            rotation: Quat(
                2.962297e-6,
                0.046286047,
                7.3191615e-5,
                0.99892825,
            ),
            scale: Vec3(
                1.0,
                1.0,
                1.0,
            ),
        },
    ),
    (
        Id(
            12,
        ),
        Transform {
            translation: Vec3(
                2.370474,
                0.49941102,
                -4.790285,
            ),
            rotation: Quat(
                -1.5787766e-5,
                0.060060382,
                -8.180117e-5,
                0.9981948,
            ),
            scale: Vec3(
                1.0,
                1.0,
                1.0,
            ),
        },
    ),
    (
        Id(
            13,
        ),
        Transform {
            translation: Vec3(
                2.345341,
                0.49947232,
                -2.1902432,
            ),
            rotation: Quat(
                3.1947042e-5,
                0.051470622,
                -6.5580956e-5,
                0.9986746,
            ),
            scale: Vec3(
                1.0,
                1.0,
                1.0,
            ),
        },
    ),
    (
        Id(
            14,
        ),
        Transform {
            translation: Vec3(
                1.981295,
                0.49936864,
                -0.0648401,
            ),
            rotation: Quat(
                3.7856815e-5,
                -0.013080565,
                3.0968426e-5,
                0.9999145,
            ),
            scale: Vec3(
                1.0,
                1.0,
                1.0,
            ),
        },
    ),
    (
        Id(
            15,
        ),
        Transform {
            translation: Vec3(
                2.3233395,
                0.4995804,
                2.2539449,
            ),
            rotation: Quat(
                4.6558675e-5,
                0.035113066,
                3.7417765e-5,
                0.9993834,
            ),
            scale: Vec3(
                1.0,
                1.0,
                1.0,
            ),
        },
    ),
    (
        Id(
            16,
        ),
        Transform {
            translation: Vec3(
                -4.559274,
                2.4993694,
                -4.4492974,
            ),
            rotation: Quat(
                -1.6189624e-5,
                -0.05124818,
                3.477593e-5,
                0.998686,
            ),
            scale: Vec3(
                1.0,
                1.0,
                1.0,
            ),
        },
    ),
    (
        Id(
            17,
        ),
        Transform {
            translation: Vec3(
                -4.916475,
                2.4992528,
                -2.0831513,
            ),
            rotation: Quat(
                -3.071832e-5,
                0.1514823,
                -5.8218146e-5,
                0.98846006,
            ),
            scale: Vec3(
                1.0,
                1.0,
                1.0,
            ),
        },
    ),
    (
        Id(
            18,
        ),
        Transform {
            translation: Vec3(
                -4.2914205,
                2.4993436,
                0.40616804,
            ),
            rotation: Quat(
                -0.00010884342,
                -0.027519029,
                3.121954e-5,
                0.99962133,
            ),
            scale: Vec3(
                1.0,
                1.0,
                1.0,
            ),
        },
    ),
    (
        Id(
            19,
        ),
        Transform {
            translation: Vec3(
                -4.6167073,
                2.4992812,
                2.4667418,
            ),
            rotation: Quat(
                -2.8455814e-5,
                -0.07089293,
                -6.1162296e-5,
                0.99748397,
            ),
            scale: Vec3(
                1.0,
                1.0,
                1.0,
            ),
        },
    ),
    (
        Id(
            20,
        ),
        Transform {
            translation: Vec3(
                -2.3188674,
                2.4992614,
                -5.092491,
            ),
            rotation: Quat(
                2.9351308e-5,
                -0.09054609,
                -9.765507e-6,
                0.9958923,
            ),
            scale: Vec3(
                1.0,
                1.0,
                1.0,
            ),
        },
    ),
    (
        Id(
            21,
        ),
        Transform {
            translation: Vec3(
                -2.5441244,
                2.4991848,
                -2.7418218,
            ),
            rotation: Quat(
                0.00019046193,
                -0.03978814,
                -0.0001358762,
                0.99920815,
            ),
            scale: Vec3(
                1.0,
                1.0,
                1.0,
            ),
        },
    ),
    (
        Id(
            22,
        ),
        Transform {
            translation: Vec3(
                -2.2349617,
                2.4991665,
                0.21855511,
            ),
            rotation: Quat(
                2.9208226e-5,
                -0.03780389,
                0.00019137721,
                0.99928516,
            ),
            scale: Vec3(
                1.0,
                1.0,
                1.0,
            ),
        },
    ),
    (
        Id(
            23,
        ),
        Transform {
            translation: Vec3(
                -2.2846987,
                2.499215,
                2.8891604,
            ),
            rotation: Quat(
                -3.3989956e-5,
                -0.10496162,
                -9.847522e-6,
                0.99447626,
            ),
            scale: Vec3(
                1.0,
                1.0,
                1.0,
            ),
        },
    ),
    (
        Id(
            24,
        ),
        Transform {
            translation: Vec3(
                0.061454486,
                2.499387,
                -4.316861,
            ),
            rotation: Quat(
                -6.1246006e-5,
                -0.10488016,
                -0.000100783356,
                0.9944849,
            ),
            scale: Vec3(
                1.0,
                1.0,
                1.0,
            ),
        },
    ),
    (
        Id(
            25,
        ),
        Transform {
            translation: Vec3(
                -0.08277764,
                2.4989364,
                -2.007117,
            ),
            rotation: Quat(
                1.8004233e-5,
                -0.01849272,
                -0.00014107779,
                0.99982905,
            ),
            scale: Vec3(
                1.0,
                1.0,
                1.0,
            ),
        },
    ),
    (
        Id(
            26,
        ),
        Transform {
            translation: Vec3(
                -0.0733394,
                2.4990404,
                0.03650532,
            ),
            rotation: Quat(
                -0.00012307827,
                -0.0024550038,
                -0.000100768855,
                0.9999971,
            ),
            scale: Vec3(
                1.0,
                1.0,
                1.0,
            ),
        },
    ),
    (
        Id(
            27,
        ),
        Transform {
            translation: Vec3(
                0.0733372,
                2.4991398,
                2.448523,
            ),
            rotation: Quat(
                -4.182144e-5,
                0.05594816,
                0.00012427944,
                0.9984337,
            ),
            scale: Vec3(
                1.0,
                1.0,
                1.0,
            ),
        },
    ),
    (
        Id(
            28,
        ),
        Transform {
            translation: Vec3(
                2.5890415,
                2.498896,
                -5.149184,
            ),
            rotation: Quat(
                -6.729349e-5,
                -0.15557334,
                -0.00011155433,
                0.9878244,
            ),
            scale: Vec3(
                1.0,
                1.0,
                1.0,
            ),
        },
    ),
    (
        Id(
            29,
        ),
        Transform {
            translation: Vec3(
                2.6922138,
                2.4992292,
                -2.183757,
            ),
            rotation: Quat(
                -6.0998787e-5,
                -0.027342502,
                -0.00013827434,
                0.99962616,
            ),
            scale: Vec3(
                1.0,
                1.0,
                1.0,
            ),
        },
    ),
    (
        Id(
            30,
        ),
        Transform {
            translation: Vec3(
                2.3314261,
                2.4990587,
                0.080842376,
            ),
            rotation: Quat(
                2.2570603e-5,
                -0.011397876,
                -9.669697e-6,
                0.99993503,
            ),
            scale: Vec3(
                1.0,
                1.0,
                1.0,
            ),
        },
    ),
    (
        Id(
            31,
        ),
        Transform {
            translation: Vec3(
                2.374555,
                2.4996293,
                2.618788,
            ),
            rotation: Quat(
                -4.891782e-5,
                -0.08245354,
                0.00011037331,
                0.99659497,
            ),
            scale: Vec3(
                1.0,
                1.0,
                1.0,
            ),
        },
    ),
    (
        Id(
            32,
        ),
        Transform {
            translation: Vec3(
                -4.763637,
                4.499038,
                -4.752626,
            ),
            rotation: Quat(
                4.398033e-5,
                0.033395298,
                3.134259e-5,
                0.9994422,
            ),
            scale: Vec3(
                1.0,
                1.0,
                1.0,
            ),
        },
    ),
    (
        Id(
            33,
        ),
        Transform {
            translation: Vec3(
                -5.044908,
                4.498835,
                -2.2386541,
            ),
            rotation: Quat(
                5.6594687e-5,
                0.093426764,
                -1.4396788e-5,
                0.9956262,
            ),
            scale: Vec3(
                1.0,
                1.0,
                1.0,
            ),
        },
    ),
    (
        Id(
            34,
        ),
        Transform {
            translation: Vec3(
                -4.5310698,
                4.499106,
                0.09650279,
            ),
            rotation: Quat(
                -5.001689e-5,
                0.0083993245,
                -1.3702054e-5,
                0.9999648,
            ),
            scale: Vec3(
                1.0,
                1.0,
                1.0,
            ),
        },
    ),
    (
        Id(
            35,
        ),
        Transform {
            translation: Vec3(
                -4.2692146,
                4.499258,
                2.330879,
            ),
            rotation: Quat(
                2.4451707e-5,
                -0.06806623,
                1.0339249e-5,
                0.9976808,
            ),
            scale: Vec3(
                1.0,
                1.0,
                1.0,
            ),
        },
    ),
    (
        Id(
            36,
        ),
        Transform {
            translation: Vec3(
                -2.5498376,
                4.4991584,
                -4.0654016,
            ),
            rotation: Quat(
                4.7860158e-5,
                -0.0059983763,
                -4.29966e-5,
                0.99998206,
            ),
            scale: Vec3(
                1.0,
                1.0,
                1.0,
            ),
        },
    ),
    (
        Id(
            37,
        ),
        Transform {
            translation: Vec3(
                -2.3616905,
                4.4986796,
                -1.7990199,
            ),
            rotation: Quat(
                0.00021666693,
                -0.03867473,
                -2.6688127e-5,
                0.99925184,
            ),
            scale: Vec3(
                1.0,
                1.0,
                1.0,
            ),
        },
    ),
    (
        Id(
            38,
        ),
        Transform {
            translation: Vec3(
                -2.2834964,
                4.498773,
                0.352932,
            ),
            rotation: Quat(
                2.6470727e-5,
                -0.026414433,
                1.0005955e-5,
                0.99965113,
            ),
            scale: Vec3(
                1.0,
                1.0,
                1.0,
            ),
        },
    ),
    (
        Id(
            39,
        ),
        Transform {
            translation: Vec3(
                -2.0702913,
                4.49907,
                2.8659263,
            ),
            rotation: Quat(
                -5.684067e-5,
                0.02930251,
                2.9338387e-5,
                0.9995706,
            ),
            scale: Vec3(
                1.0,
                1.0,
                1.0,
            ),
        },
    ),
    (
        Id(
            40,
        ),
        Transform {
            translation: Vec3(
                -0.15280494,
                4.4991093,
                -4.3523765,
            ),
            rotation: Quat(
                -6.3198844e-5,
                -0.04741183,
                1.5884581e-5,
                0.9988755,
            ),
            scale: Vec3(
                1.0,
                1.0,
                1.0,
            ),
        },
    ),
    (
        Id(
            41,
        ),
        Transform {
            translation: Vec3(
                0.05199051,
                4.498689,
                -2.0619876,
            ),
            rotation: Quat(
                -3.8204937e-5,
                -0.056282826,
                -1.1971202e-5,
                0.99841493,
            ),
            scale: Vec3(
                1.0,
                1.0,
                1.0,
            ),
        },
    ),
    (
        Id(
            42,
        ),
        Transform {
            translation: Vec3(
                -0.07172245,
                4.4984603,
                0.11025591,
            ),
            rotation: Quat(
                -9.239478e-5,
                -0.08010703,
                -4.248213e-5,
                0.99678636,
            ),
            scale: Vec3(
                1.0,
                1.0,
                1.0,
            ),
        },
    ),
    (
        Id(
            43,
        ),
        Transform {
            translation: Vec3(
                0.3520322,
                4.499093,
                2.3480597,
            ),
            rotation: Quat(
                1.1497187e-5,
                -0.12161801,
                9.4195624e-5,
                0.992577,
            ),
            scale: Vec3(
                1.0,
                1.0,
                1.0,
            ),
        },
    ),
    (
        Id(
            44,
        ),
        Transform {
            translation: Vec3(
                2.6259754,
                4.4987745,
                -4.765892,
            ),
            rotation: Quat(
                -9.768944e-5,
                -0.13270243,
                -0.00015427313,
                0.991156,
            ),
            scale: Vec3(
                1.0,
                1.0,
                1.0,
            ),
        },
    ),
    (
        Id(
            45,
        ),
        Transform {
            translation: Vec3(
                3.5526712,
                4.498983,
                -2.23338,
            ),
            rotation: Quat(
                -6.1805105e-5,
                0.024096237,
                -0.00011392971,
                0.99970967,
            ),
            scale: Vec3(
                1.0,
                1.0,
                1.0,
            ),
        },
    ),
    (
        Id(
            46,
        ),
        Transform {
            translation: Vec3(
                2.663993,
                4.4988933,
                0.09735409,
            ),
            rotation: Quat(
                4.4039123e-5,
                -0.023771003,
                3.1637166e-5,
                0.9997175,
            ),
            scale: Vec3(
                1.0,
                1.0,
                1.0,
            ),
        },
    ),
    (
        Id(
            47,
        ),
        Transform {
            translation: Vec3(
                1.443149,
                0.49980676,
                6.3772707,
            ),
            rotation: Quat(
                0.6978984,
                -0.11409515,
                0.11408674,
                0.6977854,
            ),
            scale: Vec3(
                1.0,
                1.0,
                1.0,
            ),
        },
    ),
    (
        Id(
            48,
        ),
        Transform {
            translation: Vec3(
                -5.1263976,
                6.4988675,
                -4.8893633,
            ),
            rotation: Quat(
                -2.7782693e-5,
                0.034282878,
                4.5556044e-5,
                0.99941224,
            ),
            scale: Vec3(
                1.0,
                1.0,
                1.0,
            ),
        },
    ),
    (
        Id(
            49,
        ),
        Transform {
            translation: Vec3(
                -4.7910767,
                6.4987845,
                -2.5982864,
            ),
            rotation: Quat(
                -3.890037e-5,
                0.021269098,
                3.8789338e-5,
                0.9997738,
            ),
            scale: Vec3(
                1.0,
                1.0,
                1.0,
            ),
        },
    ),
    (
        Id(
            50,
        ),
        Transform {
            translation: Vec3(
                -4.2997994,
                6.4990406,
                -0.4417643,
            ),
            rotation: Quat(
                4.581774e-6,
                0.030890113,
                -4.0046507e-5,
                0.9995228,
            ),
            scale: Vec3(
                1.0,
                1.0,
                1.0,
            ),
        },
    ),
    (
        Id(
            51,
        ),
        Transform {
            translation: Vec3(
                -3.9652,
                6.49924,
                2.0454414,
            ),
            rotation: Quat(
                2.2048222e-5,
                -0.09340843,
                -6.747644e-6,
                0.9956279,
            ),
            scale: Vec3(
                1.0,
                1.0,
                1.0,
            ),
        },
    ),
    (
        Id(
            52,
        ),
        Transform {
            translation: Vec3(
                -2.8295252,
                6.4991727,
                -4.6097655,
            ),
            rotation: Quat(
                6.267059e-5,
                0.08400491,
                -4.079714e-5,
                0.9964654,
            ),
            scale: Vec3(
                1.0,
                1.0,
                1.0,
            ),
        },
    ),
    (
        Id(
            53,
        ),
        Transform {
            translation: Vec3(
                -2.3474538,
                6.4988375,
                -2.249919,
            ),
            rotation: Quat(
                0.00022788557,
                0.11636167,
                -6.7593483e-6,
                0.9932069,
            ),
            scale: Vec3(
                1.0,
                1.0,
                1.0,
            ),
        },
    ),
    (
        Id(
            54,
        ),
        Transform {
            translation: Vec3(
                -2.0081928,
                6.498817,
                0.21725737,
            ),
            rotation: Quat(
                6.0292165e-5,
                -0.08030937,
                5.3934793e-5,
                0.99677,
            ),
            scale: Vec3(
                1.0,
                1.0,
                1.0,
            ),
        },
    ),
    (
        Id(
            55,
        ),
        Transform {
            translation: Vec3(
                -1.9277254,
                6.4989743,
                2.3741875,
            ),
            rotation: Quat(
                -7.80707e-5,
                -0.061191108,
                3.383562e-5,
                0.9981261,
            ),
            scale: Vec3(
                1.0,
                1.0,
                1.0,
            ),
        },
    ),
    (
        Id(
            56,
        ),
        Transform {
            translation: Vec3(
                -0.6712273,
                6.498962,
                -4.1429253,
            ),
            rotation: Quat(
                5.6613924e-5,
                0.09087017,
                -6.442738e-5,
                0.99586284,
            ),
            scale: Vec3(
                1.0,
                1.0,
                1.0,
            ),
        },
    ),
    (
        Id(
            57,
        ),
        Transform {
            translation: Vec3(
                0.0436785,
                6.4987435,
                -1.9335938,
            ),
            rotation: Quat(
                -7.2947223e-6,
                0.035737023,
                -1.4894278e-5,
                0.9993612,
            ),
            scale: Vec3(
                1.0,
                1.0,
                1.0,
            ),
        },
    ),
    (
        Id(
            58,
        ),
        Transform {
            translation: Vec3(
                0.057970434,
                6.4986176,
                0.2815501,
            ),
            rotation: Quat(
                -0.00026594207,
                -0.053546183,
                -0.00014298123,
                0.9985653,
            ),
            scale: Vec3(
                1.0,
                1.0,
                1.0,
            ),
        },
    ),
    (
        Id(
            59,
        ),
        Transform {
            translation: Vec3(
                0.27278307,
                6.4990153,
                2.3926187,
            ),
            rotation: Quat(
                0.00021928998,
                -0.08680457,
                -5.392312e-5,
                0.99622536,
            ),
            scale: Vec3(
                1.0,
                1.0,
                1.0,
            ),
        },
    ),
    (
        Id(
            60,
        ),
        Transform {
            translation: Vec3(
                1.907307,
                6.4988165,
                -5.054677,
            ),
            rotation: Quat(
                -6.0292972e-5,
                0.045225106,
                -0.000114704584,
                0.9989768,
            ),
            scale: Vec3(
                1.0,
                1.0,
                1.0,
            ),
        },
    ),
    (
        Id(
            61,
        ),
        Transform {
            translation: Vec3(
                3.2351315,
                6.498924,
                -3.0771964,
            ),
            rotation: Quat(
                -6.442704e-5,
                0.0093750125,
                -0.00012739356,
                0.9999561,
            ),
            scale: Vec3(
                1.0,
                1.0,
                1.0,
            ),
        },
    ),
    (
        Id(
            62,
        ),
        Transform {
            translation: Vec3(
                2.595893,
                6.4988823,
                -0.18001828,
            ),
            rotation: Quat(
                -3.149888e-5,
                -0.028282536,
                -3.264041e-5,
                0.99959993,
            ),
            scale: Vec3(
                1.0,
                1.0,
                1.0,
            ),
        },
    ),
    (
        Id(
            63,
        ),
        Transform {
            translation: Vec3(
                1.7424016,
                0.49980673,
                9.2736225,
            ),
            rotation: Quat(
                0.99322844,
                -8.00409e-5,
                -0.116177805,
                2.4124696e-5,
            ),
            scale: Vec3(
                1.0,
                1.0,
                1.0,
            ),
        },
    ),
]
